// Vitest Snapshot v1, https://vitest.dev/guide/snapshot.html

exports[`MyRental snapshot tests > should match snapshot when property exists 1`] = `
<div>
  <div
    class="MuiStack-root css-nen11g-MuiStack-root"
    data-tour="rental-0"
  >
    <div
      class="MuiPaper-root MuiPaper-elevation MuiPaper-rounded MuiPaper-elevation0 css-1g0cu6y-MuiPaper-root"
      style="--Paper-shadow: none;"
    >
      <div
        class="MuiStack-root css-jfdv4h-MuiStack-root"
      >
        <div
          class="MuiStack-root css-nen11g-MuiStack-root"
        >
          <div
            class="MuiBox-root css-j0ozid"
          >
            <svg
              aria-hidden="true"
              class="MuiSvgIcon-root MuiSvgIcon-colorPrimary MuiSvgIcon-fontSizeMedium css-6pq8my-MuiSvgIcon-root"
              data-testid="HomeIcon"
              focusable="false"
              viewBox="0 0 24 24"
            >
              <path
                d="M10 20v-6h4v6h5v-8h3L12 3 2 12h3v8z"
              />
            </svg>
            <div
              class="MuiStack-root css-nen11g-MuiStack-root"
            >
              <h4
                class="MuiTypography-root MuiTypography-h4 css-1jayzmt-MuiTypography-root"
              >
                Charles Zanco Home
              </h4>
              <div
                class="MuiStack-root css-5hw9o0-MuiStack-root"
              >
                <div
                  class="MuiStack-root css-niqf4j-MuiStack-root"
                />
                <h6
                  class="MuiTypography-root MuiTypography-subtitle2 css-i0pvuy-MuiTypography-root"
                >
                  , 
                  , 
                   
                </h6>
              </div>
            </div>
          </div>
          <div
            class="MuiStack-root css-1o22yl8-MuiStack-root"
          >
            <h6
              class="MuiTypography-root MuiTypography-subtitle2 css-io8qmp-MuiTypography-root"
              data-mui-internal-clone-element="true"
            />
          </div>
        </div>
        <div
          class="MuiBox-root css-0"
        >
          <div
            class="MuiChip-root MuiChip-filled MuiChip-sizeMedium MuiChip-colorDefault MuiChip-filledDefault css-17i1lk4-MuiChip-root"
          >
            <span
              class="MuiChip-label MuiChip-labelMedium css-1glixai-MuiChip-label"
            >
              Primary Renter
            </span>
          </div>
        </div>
      </div>
      <div
        class="MuiGrid-root MuiGrid-container MuiGrid-direction-xs-row MuiGrid-spacing-xs-3 css-1bt52fc-MuiGrid-root"
        data-tour="rental-1"
      >
        <div
          class="MuiGrid-root MuiGrid-direction-xs-row MuiGrid-grid-xs-12 MuiGrid-grid-md-3 MuiGrid-grid-sm-6 css-17hq2y0-MuiGrid-root"
        >
          <div
            class="MuiPaper-root MuiPaper-outlined MuiPaper-rounded MuiCard-root css-203ymv-MuiPaper-root-MuiCard-root"
          >
            <div
              class="MuiCardContent-root css-8rand2-MuiCardContent-root"
            >
              <h4
                class="MuiTypography-root MuiTypography-h4 css-15cx1yt-MuiTypography-root"
              />
              <p
                class="MuiTypography-root MuiTypography-body2 css-1ldd3vr-MuiTypography-root"
              >
                Total Bedrooms
              </p>
            </div>
          </div>
        </div>
        <div
          class="MuiGrid-root MuiGrid-direction-xs-row MuiGrid-grid-xs-12 MuiGrid-grid-md-3 MuiGrid-grid-sm-6 css-17hq2y0-MuiGrid-root"
        >
          <div
            class="MuiPaper-root MuiPaper-outlined MuiPaper-rounded MuiCard-root css-203ymv-MuiPaper-root-MuiCard-root"
          >
            <div
              class="MuiCardContent-root css-8rand2-MuiCardContent-root"
            >
              <h4
                class="MuiTypography-root MuiTypography-h4 css-15cx1yt-MuiTypography-root"
              >
                1
              </h4>
              <p
                class="MuiTypography-root MuiTypography-body2 css-1ldd3vr-MuiTypography-root"
              >
                Home Occupied
              </p>
            </div>
          </div>
        </div>
        <div
          class="MuiGrid-root MuiGrid-direction-xs-row MuiGrid-grid-xs-12 MuiGrid-grid-md-3 MuiGrid-grid-sm-6 css-17hq2y0-MuiGrid-root"
        >
          <div
            class="MuiPaper-root MuiPaper-outlined MuiPaper-rounded MuiCard-root css-203ymv-MuiPaper-root-MuiCard-root"
          >
            <div
              class="MuiCardContent-root css-8rand2-MuiCardContent-root"
            >
              <h4
                class="MuiTypography-root MuiTypography-h4 css-19tx7bo-MuiTypography-root"
              >
                %
              </h4>
              <p
                class="MuiTypography-root MuiTypography-body2 css-1ldd3vr-MuiTypography-root"
              >
                Occupancy Rate
              </p>
            </div>
          </div>
        </div>
        <div
          class="MuiGrid-root MuiGrid-direction-xs-row MuiGrid-grid-xs-12 MuiGrid-grid-md-3 MuiGrid-grid-sm-6 css-17hq2y0-MuiGrid-root"
        >
          <div
            class="MuiPaper-root MuiPaper-outlined MuiPaper-rounded MuiCard-root css-203ymv-MuiPaper-root-MuiCard-root"
          >
            <div
              class="MuiCardContent-root css-8rand2-MuiCardContent-root"
            >
              <h4
                class="MuiTypography-root MuiTypography-h4 css-19tx7bo-MuiTypography-root"
              />
              <p
                class="MuiTypography-root MuiTypography-body2 css-1ldd3vr-MuiTypography-root"
              >
                Monthly Revenue
              </p>
            </div>
          </div>
        </div>
      </div>
    </div>
    <div
      class="MuiGrid-root MuiGrid-container MuiGrid-direction-xs-row MuiGrid-spacing-xs-3 css-1u8xl8z-MuiGrid-root"
    >
      <div
        class="MuiGrid-root MuiGrid-direction-xs-row MuiGrid-grid-xs-12 MuiGrid-grid-md-8 css-q5srq4-MuiGrid-root"
      >
        <div
          class="MuiPaper-root MuiPaper-elevation MuiPaper-rounded MuiPaper-elevation1 MuiCard-root css-rdw19h-MuiPaper-root-MuiCard-root"
          data-tour="rental-2"
          style="--Paper-shadow: 0px 2px 1px -1px rgba(0,0,0,0.2),0px 1px 1px 0px rgba(0,0,0,0.14),0px 1px 3px 0px rgba(0,0,0,0.12);"
        >
          <div
            class="MuiCardContent-root css-1lt5qva-MuiCardContent-root"
          >
            <div
              class="MuiStack-root css-1c7idsl-MuiStack-root"
            >
              <h5
                class="MuiTypography-root MuiTypography-h5 css-1ni202z-MuiTypography-root"
              >
                Financial Overview
              </h5>
              <h6
                class="MuiTypography-root MuiTypography-subtitle2 css-1rk5in-MuiTypography-root"
              >
                View financial details for Charles Zanco Home
              </h6>
              <div
                class="MuiBox-root css-56sg73"
              />
            </div>
            <div
              class="MuiStack-root css-1sazv7p-MuiStack-root"
            >
              <div
                class="MuiStack-root css-yrqrat-MuiStack-root"
              >
                <div
                  class="MuiStack-root css-4vpst1-MuiStack-root"
                >
                  <h6
                    class="MuiTypography-root MuiTypography-subtitle2 css-1gpz75-MuiTypography-root"
                  >
                    $
                    <span
                      class="MuiTypography-root MuiTypography-caption css-1r9hdyc-MuiTypography-root"
                    >
                       USD / m
                    </span>
                  </h6>
                  <h6
                    class="MuiTypography-root MuiTypography-subtitle2 css-1jznmdf-MuiTypography-root"
                  >
                    Monthly Revenue
                  </h6>
                </div>
                <div
                  class="MuiStack-root css-4vpst1-MuiStack-root"
                >
                  <h6
                    class="MuiTypography-root MuiTypography-subtitle2 css-1gpz75-MuiTypography-root"
                  >
                    $
                    <span
                      class="MuiTypography-root MuiTypography-caption css-1r9hdyc-MuiTypography-root"
                    >
                       USD / yr
                    </span>
                  </h6>
                  <h6
                    class="MuiTypography-root MuiTypography-subtitle2 css-1jznmdf-MuiTypography-root"
                  >
                    Projected Annual Revenue
                  </h6>
                </div>
              </div>
            </div>
          </div>
        </div>
        <div
          class="MuiPaper-root MuiPaper-elevation MuiPaper-rounded MuiPaper-elevation1 MuiCard-root css-rdw19h-MuiPaper-root-MuiCard-root"
          data-tour="rental-7"
          style="--Paper-shadow: 0px 2px 1px -1px rgba(0,0,0,0.2),0px 1px 1px 0px rgba(0,0,0,0.14),0px 1px 3px 0px rgba(0,0,0,0.12);"
        >
          <div
            class="MuiCardContent-root css-1lt5qva-MuiCardContent-root"
          >
            <div
              class="MuiStack-root css-1c7idsl-MuiStack-root"
            >
              <h5
                class="MuiTypography-root MuiTypography-h5 css-1ni202z-MuiTypography-root"
              >
                Payments Overview
              </h5>
              <h6
                class="MuiTypography-root MuiTypography-subtitle2 css-1rk5in-MuiTypography-root"
              >
                View payment summaries for Charles Zanco Home
              </h6>
              <div
                class="MuiBox-root css-56sg73"
              />
            </div>
            <div
              class="MuiStack-root css-1sazv7p-MuiStack-root"
            >
              <div
                class="MuiStack-root css-1sazv7p-MuiStack-root"
              >
                <div
                  data-testid="material-react-table"
                >
                  []
                </div>
              </div>
            </div>
          </div>
        </div>
        <div
          class="MuiPaper-root MuiPaper-elevation MuiPaper-rounded MuiPaper-elevation1 MuiCard-root css-rdw19h-MuiPaper-root-MuiCard-root"
          style="--Paper-shadow: 0px 2px 1px -1px rgba(0,0,0,0.2),0px 1px 1px 0px rgba(0,0,0,0.14),0px 1px 3px 0px rgba(0,0,0,0.12);"
        >
          <div
            class="MuiCardContent-root css-1lt5qva-MuiCardContent-root"
          >
            <div
              class="MuiStack-root css-1c7idsl-MuiStack-root"
            >
              <h5
                class="MuiTypography-root MuiTypography-h5 css-1ni202z-MuiTypography-root"
              >
                Maintenance Overview
              </h5>
              <h6
                class="MuiTypography-root MuiTypography-subtitle2 css-1rk5in-MuiTypography-root"
              >
                View maintenance requests for Charles Zanco Home
              </h6>
              <div
                class="MuiBox-root css-56sg73"
              />
            </div>
            <div
              class="MuiStack-root css-1sazv7p-MuiStack-root"
            >
              <div
                class="MuiStack-root css-1sazv7p-MuiStack-root"
              >
                <div
                  data-testid="material-react-table"
                >
                  [{"id":"test-id","updatedBy":"testUserId","description":"The fridge broke and does not work anymore.","tenantEmailAddress":"testUserEmail@gmail.com","propertyOwnerId":"ownerId","propertyId":"testPropertyId","firstName":"John","tenantLastName":"Doe","createdOn":"2026-06-10T21:18:30.853Z","tenantEmail":"testUserEmail@gmail.com","tenantId":"testTenantId","updatedOn":"2026-06-10T21:18:30.853Z","createdBy":"testUserId","maintenanceCategory":"Appliances"}]
                </div>
              </div>
            </div>
          </div>
        </div>
      </div>
      <div
        class="MuiGrid-root MuiGrid-direction-xs-row MuiGrid-grid-xs-12 MuiGrid-grid-md-4 css-xur2zb-MuiGrid-root"
      >
        <div
          class="MuiPaper-root MuiPaper-elevation MuiPaper-rounded MuiPaper-elevation1 MuiCard-root css-rdw19h-MuiPaper-root-MuiCard-root"
          data-tour="rental-3"
          style="--Paper-shadow: 0px 2px 1px -1px rgba(0,0,0,0.2),0px 1px 1px 0px rgba(0,0,0,0.14),0px 1px 3px 0px rgba(0,0,0,0.12);"
        >
          <div
            class="MuiCardContent-root css-1lt5qva-MuiCardContent-root"
          >
            <div
              class="MuiStack-root css-3f6c0i-MuiStack-root"
              variant="subtitle2"
            >
              <h6
                class="MuiTypography-root MuiTypography-subtitle2 css-15t3qg8-MuiTypography-root"
              >
                Property Owner
              </h6>
              <h6
                class="MuiTypography-root MuiTypography-subtitle2 css-1rk5in-MuiTypography-root"
              >
                <svg
                  aria-hidden="true"
                  class="MuiSvgIcon-root MuiSvgIcon-colorPrimary MuiSvgIcon-fontSizeSmall css-jjnrn1-MuiSvgIcon-root"
                  data-testid="BusinessRoundedIcon"
                  focusable="false"
                  viewBox="0 0 24 24"
                >
                  <path
                    d="M12 7V5c0-1.1-.9-2-2-2H4c-1.1 0-2 .9-2 2v14c0 1.1.9 2 2 2h16c1.1 0 2-.9 2-2V9c0-1.1-.9-2-2-2zM6 19H4v-2h2zm0-4H4v-2h2zm0-4H4V9h2zm0-4H4V5h2zm4 12H8v-2h2zm0-4H8v-2h2zm0-4H8V9h2zm0-4H8V5h2zm9 12h-7v-2h2v-2h-2v-2h2v-2h-2V9h7c.55 0 1 .45 1 1v8c0 .55-.45 1-1 1m-1-8h-2v2h2zm0 4h-2v2h2z"
                  />
                </svg>
              </h6>
              <div
                class="MuiBox-root css-56sg73"
              />
            </div>
            <div
              class="MuiBox-root css-ukdiqv"
            >
              <div
                class="MuiAvatar-root MuiAvatar-circular MuiAvatar-colorDefault css-7tyhiy-MuiAvatar-root"
              />
              <div
                class="MuiBox-root css-0"
              >
                <div
                  class="MuiStack-root css-niqf4j-MuiStack-root"
                >
                  <div
                    class="MuiStack-root css-nen11g-MuiStack-root"
                  >
                    <span
                      class="MuiTypography-root MuiTypography-caption css-11192jg-MuiTypography-root"
                    >
                       
                    </span>
                    <span
                      class="MuiTypography-root MuiTypography-caption css-1b9n4fe-MuiTypography-root"
                    >
                      owner@test.com
                    </span>
                  </div>
                  <a
                    aria-label="Send email"
                    class="MuiButtonBase-root MuiIconButton-root MuiIconButton-sizeMedium css-14iw7nl-MuiButtonBase-root-MuiIconButton-root"
                    data-mui-internal-clone-element="true"
                    href="mailto:owner@test.com"
                    tabindex="0"
                    target="_blank"
                  >
                    <svg
                      aria-hidden="true"
                      class="MuiSvgIcon-root MuiSvgIcon-fontSizeSmall css-120dh41-MuiSvgIcon-root"
                      data-testid="EmailRoundedIcon"
                      focusable="false"
                      viewBox="0 0 24 24"
                    >
                      <path
                        d="M20 4H4c-1.1 0-1.99.9-1.99 2L2 18c0 1.1.9 2 2 2h16c1.1 0 2-.9 2-2V6c0-1.1-.9-2-2-2m-.4 4.25-7.07 4.42c-.32.2-.74.2-1.06 0L4.4 8.25c-.25-.16-.4-.43-.4-.72 0-.67.73-1.07 1.3-.72L12 11l6.7-4.19c.57-.35 1.3.05 1.3.72 0 .29-.15.56-.4.72"
                      />
                    </svg>
                  </a>
                </div>
              </div>
            </div>
            <div
              class="MuiStack-root css-jfdv4h-MuiStack-root"
            />
            <div
              class="MuiStack-root css-jfdv4h-MuiStack-root"
            >
              <div
                class="MuiBox-root css-0"
              >
                <div
                  class="MuiPaper-root MuiPaper-elevation MuiPaper-rounded MuiPaper-elevation0 MuiAlert-root MuiAlert-colorInfo MuiAlert-standardInfo MuiAlert-standard css-3t1j3t-MuiPaper-root-MuiAlert-root"
                  role="alert"
                  style="--Paper-shadow: none;"
                >
                  <div
                    class="MuiAlert-icon css-vab54s-MuiAlert-icon"
                  >
                    <svg
                      aria-hidden="true"
                      class="MuiSvgIcon-root MuiSvgIcon-fontSizeSmall css-120dh41-MuiSvgIcon-root"
                      data-testid="WarningAmberRoundedIcon"
                      focusable="false"
                      viewBox="0 0 24 24"
                    >
                      <path
                        d="M12 5.99 19.53 19H4.47zM2.74 18c-.77 1.33.19 3 1.73 3h15.06c1.54 0 2.5-1.67 1.73-3L13.73 4.99c-.77-1.33-2.69-1.33-3.46 0zM11 11v2c0 .55.45 1 1 1s1-.45 1-1v-2c0-.55-.45-1-1-1s-1 .45-1 1m0 5h2v2h-2z"
                      />
                    </svg>
                  </div>
                  <div
                    class="MuiAlert-message css-zioonp-MuiAlert-message"
                  >
                    <p
                      class="MuiTypography-root MuiTypography-body1 css-131tfld-MuiTypography-root"
                    >
                      Rent can be paid only if the owner has stripe setup and if current month is due.
                    </p>
                  </div>
                </div>
              </div>
              <div
                class="MuiBox-root css-0"
              >
                <div
                  class="MuiPaper-root MuiPaper-elevation MuiPaper-rounded MuiPaper-elevation0 MuiAlert-root MuiAlert-colorError MuiAlert-standardError MuiAlert-standard css-1ayk094-MuiPaper-root-MuiAlert-root"
                  role="alert"
                  style="--Paper-shadow: none;"
                >
                  <div
                    class="MuiAlert-icon css-vab54s-MuiAlert-icon"
                  >
                    <svg
                      aria-hidden="true"
                      class="MuiSvgIcon-root MuiSvgIcon-fontSizeSmall css-120dh41-MuiSvgIcon-root"
                      data-testid="WarningAmberRoundedIcon"
                      focusable="false"
                      viewBox="0 0 24 24"
                    >
                      <path
                        d="M12 5.99 19.53 19H4.47zM2.74 18c-.77 1.33.19 3 1.73 3h15.06c1.54 0 2.5-1.67 1.73-3L13.73 4.99c-.77-1.33-2.69-1.33-3.46 0zM11 11v2c0 .55.45 1 1 1s1-.45 1-1v-2c0-.55-.45-1-1-1s-1 .45-1 1m0 5h2v2h-2z"
                      />
                    </svg>
                  </div>
                  <div
                    class="MuiAlert-message css-zioonp-MuiAlert-message"
                  >
                    <p
                      class="MuiTypography-root MuiTypography-body1 css-131tfld-MuiTypography-root"
                    >
                      Card payments are processed instantly and includes higher processing fees. Bank transfers typically take upto 3 business days to complete but have lower fees.
                      <a
                        class="MuiBox-root css-6r72ju"
                        href="https://stripe.com/pricing"
                        rel="noopener noreferrer"
                        target="_blank"
                      >
                        Learn more
                      </a>
                    </p>
                  </div>
                </div>
              </div>
              <button>
                Create maintenance issue
              </button>
              <button
                disabled=""
              >
                Pay Rent
              </button>
            </div>
          </div>
        </div>
        <div
          class="MuiPaper-root MuiPaper-elevation MuiPaper-rounded MuiPaper-elevation1 MuiCard-root css-rdw19h-MuiPaper-root-MuiCard-root"
          data-tour="rental-4"
          style="--Paper-shadow: 0px 2px 1px -1px rgba(0,0,0,0.2),0px 1px 1px 0px rgba(0,0,0,0.14),0px 1px 3px 0px rgba(0,0,0,0.12);"
        >
          <div
            class="MuiStack-root css-190znio-MuiStack-root"
          >
            <span
              class="MuiTypography-root MuiTypography-caption css-1r9hdyc-MuiTypography-root"
            />
            <div
              class="MuiBox-root css-vomml6"
            >
              <div
                class="MuiBox-root css-v2kfba"
              >
                <div
                  class="ol-viewport ol-touch"
                  style="position: relative; overflow: hidden; width: 100%; height: 100%;"
                >
                  <div
                    class="ol-unselectable ol-layers"
                    style="position: absolute; width: 100%; height: 100%; z-index: 0;"
                  />
                  <div
                    class="ol-overlaycontainer"
                    style="position: absolute; z-index: 0; width: 100%; height: 100%; pointer-events: none;"
                  />
                  <div
                    class="ol-overlaycontainer-stopevent"
                    style="position: absolute; z-index: 0; width: 100%; height: 100%; pointer-events: none;"
                  >
                    <div
                      class="ol-overlay-container ol-selectable"
                      style="position: absolute; pointer-events: auto; display: none;"
                    >
                      <div
                        class="MuiBox-root css-lo704p"
                      />
                    </div>
                    <div
                      class="ol-attribution ol-unselectable ol-control ol-uncollapsible"
                      style="pointer-events: auto;"
                    >
                      <button
                        aria-expanded="true"
                        title="Attributions"
                        type="button"
                      >
                        <span
                          class="ol-attribution-expand"
                        >
                          i
                        </span>
                      </button>
                      <ul />
                    </div>
                  </div>
                </div>
              </div>
              <div
                class="MuiBox-root css-v4wpu8"
              >
                undefined, undefined, undefined undefined
              </div>
            </div>
          </div>
          <div
            class="MuiCardContent-root css-1lt5qva-MuiCardContent-root"
            data-tour="rental-5"
          >
            <div
              class="MuiStack-root css-3f6c0i-MuiStack-root"
              variant="subtitle2"
            >
              <h6
                class="MuiTypography-root MuiTypography-subtitle2 css-15t3qg8-MuiTypography-root"
              >
                Property Details
              </h6>
              <h6
                class="MuiTypography-root MuiTypography-subtitle2 css-1rk5in-MuiTypography-root"
              >
                <svg
                  aria-hidden="true"
                  class="MuiSvgIcon-root MuiSvgIcon-colorPrimary MuiSvgIcon-fontSizeMedium css-2kd6p7-MuiSvgIcon-root"
                  data-testid="BusinessIcon"
                  focusable="false"
                  viewBox="0 0 24 24"
                >
                  <path
                    d="M12 7V3H2v18h20V7zM6 19H4v-2h2zm0-4H4v-2h2zm0-4H4V9h2zm0-4H4V5h2zm4 12H8v-2h2zm0-4H8v-2h2zm0-4H8V9h2zm0-4H8V5h2zm10 12h-8v-2h2v-2h-2v-2h2v-2h-2V9h8zm-2-8h-2v2h2zm0 4h-2v2h2z"
                  />
                </svg>
              </h6>
              <div
                class="MuiBox-root css-56sg73"
              />
            </div>
            <div
              class="MuiStack-root css-1sazv7p-MuiStack-root"
            >
              <div
                class="MuiStack-root css-m69qwo-MuiStack-root"
              >
                <div
                  class="MuiStack-root css-4vpst1-MuiStack-root"
                >
                  <h4
                    class="MuiTypography-root MuiTypography-h4 css-19tx7bo-MuiTypography-root"
                  />
                  <h6
                    class="MuiTypography-root MuiTypography-subtitle2 css-1jznmdf-MuiTypography-root"
                  >
                    Bedrooms
                  </h6>
                </div>
                <div
                  class="MuiStack-root css-4vpst1-MuiStack-root"
                >
                  <h4
                    class="MuiTypography-root MuiTypography-h4 css-19tx7bo-MuiTypography-root"
                  />
                  <h6
                    class="MuiTypography-root MuiTypography-subtitle2 css-1jznmdf-MuiTypography-root"
                  >
                    Bathrooms
                  </h6>
                </div>
              </div>
              <div
                class="MuiStack-root css-m69qwo-MuiStack-root"
              >
                <div
                  class="MuiStack-root css-4vpst1-MuiStack-root"
                >
                  <div
                    aria-label="Jun 10, 2026"
                    class="MuiStack-root css-nen11g-MuiStack-root"
                    data-mui-internal-clone-element="true"
                  >
                    <h6
                      class="MuiTypography-root MuiTypography-subtitle2 css-1rk5in-MuiTypography-root"
                    >
                      06 10 2026
                    </h6>
                    <p
                      class="MuiTypography-root MuiTypography-body2 css-1ldd3vr-MuiTypography-root"
                    >
                      Created
                    </p>
                  </div>
                </div>
                <div
                  class="MuiStack-root css-4vpst1-MuiStack-root"
                >
                  <div
                    aria-label="2026-06-10T00:00:00.000Z"
                    class="MuiStack-root css-nen11g-MuiStack-root"
                    data-mui-internal-clone-element="true"
                  >
                    <h6
                      class="MuiTypography-root MuiTypography-subtitle2 css-1rk5in-MuiTypography-root"
                    >
                      a few seconds ago
                    </h6>
                    <p
                      class="MuiTypography-root MuiTypography-body2 css-1ldd3vr-MuiTypography-root"
                    >
                      Last Updated
                    </p>
                  </div>
                </div>
              </div>
            </div>
          </div>
        </div>
      </div>
    </div>
  </div>
</div>
`;
